1~# Copyright 2020 Google LLC
#
# Licensed under the Apache License, Version 2.0 (the "License");
# you may not use this file except in compliance with the License.
# You may obtain a copy of the License at
#
#    https://www.apache.org/licenses/LICENSE-2.0
#
# Unless required by applicable law or agreed to in writing, software
# distributed under the License is distributed on an "AS IS" BASIS,
# WITHOUT WARRANTIES OR CONDITIONS OF ANY KIND, either express or implied.
# See the License for the specific language governing permissions and
# limitations under the License.

2~apiVersion: 3~"policy.acme.co/v1"
4~kind: 5~"PolicyTemplate"
6~metadata:7~
  8~name: 9~"greeting"
10~description: 11~>
  Policy for configuring greetings and farewells.
12~schema:13~
  14~type: 15~"object"
  16~properties:17~
    18~greeting:19~
      20~type: 21~"string"
    22~farewell:23~
      24~type: 25~"string"
      26~enum:27~[28~"Aloha", 29~"Adieu", 30~"Bye", 31~"Farewell", 32~!txt "true"]
    33~computer_greeting:34~
      35~type: 36~"string"
      37~format: 38~"byte"
    39~start_date:40~
      41~type: 42~"string"
      43~format: 44~"date-time"
    45~end_date:46~
      47~type: 48~"string"
      49~format: 50~"date-time"
    51~details:52~
      53~type: 54~"object"
      55~default:56~{57~gone: 58~[], 59~next: 60~[]}
      61~additionalProperties:62~
        63~type: 64~"array"
        65~items:66~
          67~type: 68~"integer"
    69~conditions:70~
      71~type: 72~"array"
      73~items:74~
        75~type: 76~"object"
        77~metadata:78~
          79~custom_type: 80~"google.type.Expr"
          81~expr_result_type: 82~"boolean"
        83~required:84~
          - 85~"expression"
          - 86~"description"
        87~properties:88~
          89~expression:90~
            91~type: 92~"string"
          93~title:94~
            95~type: 96~"string"
          97~description:98~
            99~type: 100~"string"
          101~location:102~
            103~type: 104~"string"
105~validator:106~
  107~environment: 108~"greeting.v1alpha1.Environment"
  109~terms:110~
    111~hi: 112~"rule.greeting"
    113~bye: 114~"rule.farewell"
    115~both: 116~"hi == 'aloha' && bye == 'aloha'"
    117~doubleVal: 118~-42.42
    119~emptyNullVal: 120~
    121~emptyQuotedVal: 122~!txt ""
    123~falseVal: 124~false
    125~intVal: 126~-42
    127~nullVal: 128~
    129~plainTxtVal: 130~!txt "plain text"
    131~trueVal: 132~true
    133~uintVal: 134~9223372036854775808
  135~productions:136~
    - 137~138~match: 139~"hi == '' && bye == ''"
      140~message: 141~>
        at least one of 'greeting' or 'farewell' must be a non-empty
        string
    - 142~143~match: 144~"hi.startsWith(\"Goodbye\")"
      145~message: 146~"greeting starts with a farewell word"
      147~details: 148~"hi"
    - 149~150~match: 151~>
        rule.conditions.exists(expr, !compile(expr))
      152~message: 153~"could not compile condition"
154~evaluator:155~
  156~terms:157~
    158~hi: 159~"rule.greeting"
    160~bye: 161~"rule.farewell"
  162~productions:163~
    - 164~165~match: 166~"hi != '' && bye == ''"
      167~decision: 168~"policy.acme.welcome"
      169~output: 170~"hi"
    - 171~172~match: 173~"bye != '' && hi == ''"
      174~decision: 175~"policy.acme.depart"
      176~output: 177~"bye"
    - 178~179~match: 180~"hi != '' && bye != ''"
      181~decisions:182~
        - 183~184~decision: 185~"policy.acme.welcome"
          186~output: 187~"hi"
        - 188~189~decision: 190~"policy.acme.depart"
          191~output: 192~"bye"
